[www.greenschoolsfoundation.org/index.html]
[www.greenschoolsfoundation.org/t.0.delayed]
[www.greenschoolsfoundation.org/e.1.delayed]
[backblue.gif]
[fade.gif]
[index.html]
[www.greenschoolsfoundation.org/blog-feed.xml]
[www.greenschoolsfoundation.org/foundation-initiatives.html]
[www.greenschoolsfoundation.org/academic-class-grants.html]
[www.greenschoolsfoundation.org/academy-of-scholars.html]
[www.greenschoolsfoundation.org/gsf-book-clubs.html]
[www.greenschoolsfoundation.org/laws-of-life.html]
[www.greenschoolsfoundation.org/pbis.html]
[www.greenschoolsfoundation.org/rox.html]
[www.greenschoolsfoundation.org/scholarships.html]
[www.greenschoolsfoundation.org/corporate-scholarship.html]
[www.greenschoolsfoundation.org/little-free-library.html]
[www.greenschoolsfoundation.org/staff-spotlight.html]
[www.greenschoolsfoundation.org/celebration-of-education.html]
[www.greenschoolsfoundation.org/about-gsf.html]
[www.greenschoolsfoundation.org/membership.html]
[www.greenschoolsfoundation.org/blog.html]
[www.greenschoolsfoundation.org/media/emptystate.85a4add5.12.delayed]
[www.greenschoolsfoundation.org/GSFacademyofscholarsryanh.13.delayed]
[www.greenschoolsfoundation.org/_files/ugd/GSF%20Trustee%20Application%202024.pdf_; filename_=UTF-8''GSF%20Trustee%20Application%202024.pdf]
[www.greenschoolsfoundation.org/api/index.html]
[www.greenschoolsfoundation.org/envelope/index.html]
[www.greenschoolsfoundation.org/sitemap.xml]
[www.greenschoolsfoundation.org/feed.16.delayed]
[www.greenschoolsfoundation.org/decodeURIComponent(e.17.delayed]
[www.greenschoolsfoundation.org/index.html]
[www.greenschoolsfoundation.org/t.html]
[www.greenschoolsfoundation.org/e.html]
[www.greenschoolsfoundation.org/foundation-initiatives.html]
[www.greenschoolsfoundation.org/academic-class-grants.html]
[www.greenschoolsfoundation.org/academy-of-scholars.html]
[www.greenschoolsfoundation.org/gsf-book-clubs.html]
[www.greenschoolsfoundation.org/laws-of-life.html]
[www.greenschoolsfoundation.org/pbis.html]
[www.greenschoolsfoundation.org/rox.html]
[www.greenschoolsfoundation.org/scholarships.html]
[www.greenschoolsfoundation.org/corporate-scholarship.html]
[www.greenschoolsfoundation.org/little-free-library.html]
[www.greenschoolsfoundation.org/staff-spotlight.html]
[www.greenschoolsfoundation.org/celebration-of-education.html]
[www.greenschoolsfoundation.org/about-gsf.html]
[www.greenschoolsfoundation.org/membership.html]
[www.greenschoolsfoundation.org/post/celebrating-collaboration-and-achievement-green-schools-foundation-and-loving-hands-preschool-schol.html]
[www.greenschoolsfoundation.org/profile/bjoyce/profile.25.delayed]
[www.greenschoolsfoundation.org/post/honoring-excellence-green-schools-foundation-spotlights-outstanding-educators.html]
[www.greenschoolsfoundation.org/post/celebrating-academic-excellence-green-schools-foundation-backs-student-success-in-laws-of-life-essa.html]
[www.greenschoolsfoundation.org/blog.html]
[www.greenschoolsfoundation.org/media/emptystate.85a4add5.html]
[www.greenschoolsfoundation.org/GSFacademyofscholarsryanh.html]
[www.greenschoolsfoundation.org/api/index.html]
[www.greenschoolsfoundation.org/envelope/index.html]
[www.greenschoolsfoundation.org/feed.html]
[www.greenschoolsfoundation.org/decodeURIComponent(e.html]
[www.greenschoolsfoundation.org/post/green-class-of-2024-graduation.html]
[www.greenschoolsfoundation.org/post/t.29.delayed]
[www.greenschoolsfoundation.org/post/e.2a.delayed]
[www.greenschoolsfoundation.org/post/robots.2b.delayed]
[www.greenschoolsfoundation.org/post/sitemap.2c.delayed]
[www.greenschoolsfoundation.org/post/feed.2d.delayed]
[www.greenschoolsfoundation.org/post/decodeURIComponent(e.2e.delayed]
[www.greenschoolsfoundation.org/post/celebrating-collaboration-and-achievement-green-schools-foundation-and-loving-hands-preschool-schol.html]
[www.greenschoolsfoundation.org/profile/bjoyce/profile.html]
[www.greenschoolsfoundation.org/post/honoring-excellence-green-schools-foundation-spotlights-outstanding-educators.html]
[www.greenschoolsfoundation.org/post/celebrating-academic-excellence-green-schools-foundation-backs-student-success-in-laws-of-life-essa.html]
[www.greenschoolsfoundation.org/post/green-class-of-2024-graduation.html]
[www.greenschoolsfoundation.org/post/t.html]
[www.greenschoolsfoundation.org/post/e.html]
[www.greenschoolsfoundation.org/post/robots.html]
[www.greenschoolsfoundation.org/post/sitemap.html]
[www.greenschoolsfoundation.org/post/feed.html]
[www.greenschoolsfoundation.org/post/decodeURIComponent(e.html]
